{smcl}
{com}{sf}{ul off}{txt}{.-}
      name:  {res}<unnamed>
       {txt}log:  {res}C:\Users\up202000782\Downloads\ECOLET_18_01854_replication\ECOLET_18_01854_vdta.smcl
  {txt}log type:  {res}smcl
 {txt}opened on:  {res} 3 Dec 2020, 11:02:10
{txt}
{com}. 
. 
. /// Load data ///
> 
. use ECOLET_18_01854, clear //  n=2929 cities (cities with a lame-duck mayor in 2004-08 term were dropped) 
{txt}
{com}. 
. 
. /// Create key variables ///
> 
. *distance to population cutoffs
. g dist=. 
{txt}(2,929 missing values generated)

{com}. replace dist=population-70  if state!=35  // all states except Sao Paulo
{txt}(2,592 real changes made)

{com}. replace dist=population-100 if state==35  // Sao Paulo State
{txt}(337 real changes made)

{com}. lab var dist "distance to population cutoffs (in 000s residents)"
{txt}
{com}. 
. *Farmacia Popular eligibility dummy
. g fpeligible=0      
{txt}
{com}. replace fpeligible=1 if population>=100 &  state==35 & population!=.
{txt}(38 real changes made)

{com}. replace fpeligible=1 if population>=70  &  state!=35 & population!=.
{txt}(156 real changes made)

{com}. lab var fpeligible "eligible for Farmacia Popular"
{txt}
{com}. 
. *generate spline polinomial  
. g dist_fpeligible=dist*fpeligible       
{txt}
{com}.  
.  
.  
. /// Replication of Table 1 /// 
> 
. **Replication of columns 1-4**   
. 
. /* foreach bwmethod in CV IK  {c -(}
> preserve 
> rdbwselect_2014 votes_share_08 dist, c(0) p(1) kernel(tri) bwselect("`bwmethod'") 
> loc bw=round(e(h_`bwmethod'))
> drop if dist>`bw'
> drop if dist<-`bw'
> 
> *Panel A. OLS estimates
> reg votes_share_04 fpcomplier dist dist_fpeligible, r cluster(state)
> outreg2 fpcomplier using "Table1_PanelA_`bwmethod'.xls", replace  se slow(1000) nocons lab dec(5) 
> 
> reg votes_share_08 fpcomplier dist dist_fpeligible, r cluster(state)
> outreg2 fpcomplier using "Table1_PanelA_`bwmethod'.xls", append  se slow(1000) nocons lab dec(5) 
> 
> 
> *Panel B. Reduced-form estimates (sharp regression discontinuity design)
> reg votes_share_04 fpeligible dist dist_fpeligible, r cluster(state)
> outreg2 fpeligible using "Table1_PanelB_`bwmethod'.xls", replace  se slow(1000) nocons lab dec(5) 
> 
> reg votes_share_08 fpeligible dist dist_fpeligible, r cluster(state)
> outreg2 fpeligible using "Table1_PanelB_`bwmethod'.xls", append  se slow(1000) nocons lab dec(5) 
> 
> 
> *Panel C. 2SLS estimates (fuzzy regression discontinuity design) 
> ivreg2 votes_share_04 (fpcomplier=fpeligible) dist dist_fpeligible, r cluster(state)
> outreg2 fpcomplier using "Table1_PanelC_2SLS_`bwmethod'.xls", replace  se slow(1000) nocons lab dec(5) 
> 
> ivreg2 votes_share_08 (fpcomplier=fpeligible) dist dist_fpeligible, r cluster(state)
> outreg2 fpcomplier using "Table1_PanelC_2SLS_`bwmethod'.xls", append  se slow(1000) nocons lab dec(5) 
> 
> reg fpcomplier fpeligible dist dist_fpeligible, r cluster(state) 
> outreg2 fpeligible using "Table1_PanelC_firststage_`bwmethod'.xls", replace  se slow(1000) nocons lab dec(5) 
> 
> restore
> {c )-}
> 
> 
> **Replication of columns 5-6**   
> 
> foreach bwmethod in cerrd  {c -(}
> preserve 
> rdbwselect votes_share_08 dist, c(0) p(1) kernel(tri) bwselect("`bwmethod'") 
> loc bw=round(e(h_`bwmethod'))
> drop if dist>`bw'
> drop if dist<-`bw'
> 
> *Panel A. OLS estimates
> reg votes_share_04 fpcomplier dist dist_fpeligible, r cluster(state)
> outreg2 fpcomplier using "Table1_PanelA_`bwmethod'.xls", replace  se slow(1000) nocons lab dec(5) 
> 
> reg votes_share_08 fpcomplier dist dist_fpeligible, r cluster(state)
> outreg2 fpcomplier using "Table1_PanelA_`bwmethod'.xls", append  se slow(1000) nocons lab dec(5) 
> 
> 
> *Panel B. Reduced-form estimates (sharp regression discontinuity design)
> reg votes_share_04 fpeligible dist dist_fpeligible, r cluster(state)
> outreg2 fpeligible using "Table1_PanelB_`bwmethod'.xls", replace  se slow(1000) nocons lab dec(5) 
> 
> reg votes_share_08 fpeligible dist dist_fpeligible, r cluster(state)
> outreg2 fpeligible using "Table1_PanelB_`bwmethod'.xls", append  se slow(1000) nocons lab dec(5) 
> 
> 
> *Panel C. 2SLS estimates (fuzzy regression discontinuity design) 
> ivreg2 votes_share_04 (fpcomplier=fpeligible) dist dist_fpeligible, r cluster(state)
> outreg2 fpcomplier using "Table1_PanelC_2SLS_`bwmethod'.xls", replace  se slow(1000) nocons lab dec(5) 
> 
> ivreg2 votes_share_08 (fpcomplier=fpeligible) dist dist_fpeligible, r cluster(state)
> outreg2 fpcomplier using "Table1_PanelC_2SLS_`bwmethod'.xls", append  se slow(1000) nocons lab dec(5) 
> 
> reg fpcomplier fpeligible dist dist_fpeligible, r cluster(state) 
> outreg2 fpeligible using "Table1_PanelC_firststage_`bwmethod'.xls", replace  se slow(1000) nocons lab dec(5) 
> 
> restore
> {c )-}
> 
> 
> 
> /// Replication of Figure 1 /// 
> 
> g fpcomplier100=fpcomplier*100
> cmogram fpcomplier100 dist if dist<=100 & dist>=-100, cut(0) cutright scatter line(0) histopts(bin(10)) graphopts(ytitle(cities with Farmacia Popular (%)) xtitle(distance to eligibility threshold (000s inhabitants)))  
> graph save figure1, replace
> drop fpcomplier100
> 
> 
> 
> /// Replication of Figure 2 /// 
> 
> foreach i in votes_share_04 votes_share_08 {c -(}
> cmogram `i' dist if dist<=100 & dist>=-100, cut(0) cutright scatter line(0) lfitci  histopts(bin(100)) graphopts(xtitle(distance to eligibility threshold (000s inhabitants))) 
> graph save rdd_`i', replace
> {c )-}
> gr combine ///
> rdd_votes_share_04.gph ///
> rdd_votes_share_08.gph, rows(1  )  xcom
> graph save figure2, replace
> erase rdd_votes_share_04.gph 
> erase rdd_votes_share_08.gph */
. 
. save ECOLET_18_01854_vdta, replace
{txt}(note: file ECOLET_18_01854_vdta.dta not found)
file ECOLET_18_01854_vdta.dta saved

{com}. 
. log close
      {txt}name:  {res}<unnamed>
       {txt}log:  {res}C:\Users\up202000782\Downloads\ECOLET_18_01854_replication\ECOLET_18_01854_vdta.smcl
  {txt}log type:  {res}smcl
 {txt}closed on:  {res} 3 Dec 2020, 11:02:10
{txt}{.-}
{smcl}
{txt}{sf}{ul off}